// Jest Snapshot v1, https://goo.gl/fbAQLP

exports[`Game Object Print state should match stored snapshot 1`] = `undefined`;
